// Jest Snapshot v1, https://goo.gl/fbAQLP

exports[`Fieldset  Fieldset component Renders a basic fieldset component 1`] = `<View />`;
