// Jest Snapshot v1, https://goo.gl/fbAQLP

exports[`H#  H3 component Renders a basic H3 component 1`] = `
<Text
  accessibilityRole="text"
  style={
    {
      "color": "#242424",
      "fontSize": 22,
      "letterSpacing": 0.35,
      "lineHeight": 28,
      "margin": 10,
    }
  }
>
  <Text
    accessibilityRole="text"
    style={
      {
        "color": "#242424",
      }
    }
  >
    Header
  </Text>
</Text>
`;
