// Jest Snapshot v1, https://goo.gl/fbAQLP

exports[`Textfield @textfield Single Textfield renders a basic textfield 1`] = `
<View
  style={
    {
      "flex": 1,
    }
  }
>
  <View
    style={
      {
        "flexDirection": "column",
      }
    }
  >
    <View
      style={
        {
          "flexDirection": "row",
          "marginRight": 0,
          "marginTop": 15,
        }
      }
    />
  </View>
</View>
`;
